
hello
dslkjafklhasdl;kfjl;asdjlfk;alsdfklasdjkl
sdajfkadsj;lkflds;k
dsajfkladsj;klfjasdl;f
fdsk’;lfl;dskhfk
fjdskljfkl;dsj;
kldsja;lfkjads;l
fjdsp’ajf;ladsj
